2026-03-29 07:33:59.770 ERROR [org.springframework.jms.JmsListenerEndpointContainer#2-1] o.s.j.l.DefaultMessageListenerContainer - Could not refresh JMS Connection for destination 'keycloak.create.user.queue' - retrying using FixedBackOff{interval=5000, currentAttempts=0, maxAttempts=unlimited}. Cause: Could not connect to broker URL: tcp://192.168.1.99:61616. Reason: java.net.ConnectException: Connection timed out: no further information
2026-03-29 07:34:20.813 ERROR [org.springframework.jms.JmsListenerEndpointContainer#1-1] o.s.j.l.DefaultMessageListenerContainer - Could not refresh JMS Connection for destination 'hr.create.user.queue' - retrying using FixedBackOff{interval=5000, currentAttempts=0, maxAttempts=unlimited}. Cause: Could not connect to broker URL: tcp://192.168.1.99:61616. Reason: java.net.ConnectException: Connection timed out: no further information
2026-03-29 07:34:25.810 ERROR [org.springframework.jms.JmsListenerEndpointContainer#2-1] o.s.j.l.DefaultMessageListenerContainer - Could not refresh JMS Connection for destination 'keycloak.create.user.queue' - retrying using FixedBackOff{interval=5000, currentAttempts=1, maxAttempts=unlimited}. Cause: Could not connect to broker URL: tcp://192.168.1.99:61616. Reason: java.net.ConnectException: Connection timed out: no further information
2026-03-29 07:34:41.864 ERROR [org.springframework.jms.JmsListenerEndpointContainer#0-1] o.s.j.l.DefaultMessageListenerContainer - Could not refresh JMS Connection for destination 'keycloak.delete.user.queue' - retrying using FixedBackOff{interval=5000, currentAttempts=0, maxAttempts=unlimited}. Cause: Could not connect to broker URL: tcp://192.168.1.99:61616. Reason: java.net.ConnectException: Connection timed out: no further information
2026-03-29 20:23:03.982 ERROR [main] o.s.b.d.LoggingFailureAnalysisReporter - 

***************************
APPLICATION FAILED TO START
***************************

Description:

Parameter 1 of constructor in txu.report.mainapp.service.DepartmentService required a bean of type 'txu.common.cache.RedisCacheClient' that could not be found.


Action:

Consider defining a bean of type 'txu.common.cache.RedisCacheClient' in your configuration.

2026-03-29 20:31:17.132 ERROR [main] o.s.b.d.LoggingFailureAnalysisReporter - 

***************************
APPLICATION FAILED TO START
***************************

Description:

Parameter 1 of constructor in txu.report.mainapp.service.DepartmentService required a bean of type 'txu.common.cache.RedisCacheClient' that could not be found.


Action:

Consider defining a bean of type 'txu.common.cache.RedisCacheClient' in your configuration.

2026-03-29 20:32:53.150 ERROR [main] o.s.b.d.LoggingFailureAnalysisReporter - 

***************************
APPLICATION FAILED TO START
***************************

Description:

Parameter 1 of constructor in txu.report.mainapp.service.DepartmentService required a bean of type 'txu.common.cache.RedisCacheClient' that could not be found.


Action:

Consider defining a bean of type 'txu.common.cache.RedisCacheClient' in your configuration.

2026-03-29 20:34:00.740 ERROR [main] o.s.b.d.LoggingFailureAnalysisReporter - 

***************************
APPLICATION FAILED TO START
***************************

Description:

Parameter 1 of constructor in txu.report.mainapp.service.DepartmentService required a bean of type 'txu.common.cache.RedisCacheClient' that could not be found.


Action:

Consider defining a bean of type 'txu.common.cache.RedisCacheClient' in your configuration.

